// Jest Snapshot v1, https://goo.gl/fbAQLP

exports[`Header tests matches a snapshot 1`] = `
<header
  className="Header"
>
  <h1>
    <Link
      replace={false}
      to="/"
    >
      Notes
    </Link>
  </h1>
</header>
`;
