// Jest Snapshot v1, https://goo.gl/fbAQLP

exports[`Note tests matches a snapshot 1`] = `
<article
  className="Note"
>
  <h2>
    My Title
  </h2>
  <pre>
    My Body
  </pre>
  <Link
    replace={false}
    to="/notes/1234/edit"
  >
    <FaPen />
  </Link>
</article>
`;
