// Jest Snapshot v1, https://goo.gl/fbAQLP

exports[`Note tests matches a snapshot 1`] = `undefined`;
